stm32f1xx_it.c:89:6:NMI_Handler	4	static
stm32f1xx_it.c:98:6:HardFault_Handler	4	static
stm32f1xx_it.c:111:6:MemManage_Handler	4	static
stm32f1xx_it.c:124:6:BusFault_Handler	4	static
stm32f1xx_it.c:137:6:UsageFault_Handler	4	static
stm32f1xx_it.c:150:6:SVC_Handler	4	static
stm32f1xx_it.c:159:6:DebugMon_Handler	4	static
stm32f1xx_it.c:168:6:PendSV_Handler	4	static
stm32f1xx_it.c:178:6:SysTick_Handler	4	static
stm32f1xx_it.c:190:6:USART3_IRQHandler	24	static
stm32f1xx_it.c:246:6:RTC_IRQHandler	8	static
stm32f1xx_it.c:256:6:TIM1_UP_IRQHandler	8	static
